// Jest Snapshot v1, https://goo.gl/fbAQLP

exports[`Loader.vue renders correctly 1`] = `
<div
  class="loader"
/>
`;
