// Jest Snapshot v1, https://goo.gl/fbAQLP

exports[`PokemonCard.vue renders correctly 1`] = `
<div
  class="pokemon-card"
>
  <cardfront-stub
    pokemon="[object Object]"
  />
</div>
`;
